TEST1: 2015-08-18 15:00:12TEST2: 2015-08-18 15:00:12